
vanya@DESKTOP-NU5AQCK MINGW64 ~/Documents/work/test/webpack-html
$ npm init
This utility will walk you through creating a package.json file.
It only covers the most common items, and tries to guess sensible defaults.

See `npm help init` for definitive documentation on these fields
and exactly what they do.

Use `npm install <pkg>` afterwards to install a package and
save it as a dependency in the package.json file.

Press ^C at any time to quit.
package name: (webpack-html)
version: (1.0.0)
description:
entry point: (index.js)
test command:
git repository:
keywords:
author:
license: (ISC)
About to write to C:\Users\vanya\Documents\work\test\webpack-html\package.json:

{
  "name": "webpack-html",
  "version": "1.0.0",
  "description": "",
  "main": "index.js",
  "scripts": {
    "test": "echo \"Error: no test specified\" && exit 1"
  },
  "author": "",
  "license": "ISC"
}


Is this OK? (yes)

vanya@DESKTOP-NU5AQCK MINGW64 ~/Documents/work/test/webpack-html
$ npm i webpack --save-dev
npm WARN deprecated urix@0.1.0: Please see https://github.com/lydell/urix#deprecated
npm WARN deprecated resolve-url@0.2.1: https://github.com/lydell/resolve-url#deprecated
npm WARN deprecated chokidar@2.1.8: Chokidar 2 will break on node v14+. Upgrade to chokidar 3 with 15x less dependencies.
npm WARN deprecated fsevents@1.2.13: fsevents 1 will break on node v14+ and could be using insecure binaries. Upgrade to fsevents 2.
npm notice created a lockfile as package-lock.json. You should commit this file.
npm WARN notsup Unsupported engine for watchpack-chokidar2@2.0.0: wanted: {"node":"<8.10.0"} (current: {"node":"12.18.4","npm":"6.14.6"})
npm WARN notsup Not compatible with your version of node/npm: watchpack-chokidar2@2.0.0
npm WARN optional SKIPPING OPTIONAL DEPENDENCY: fsevents@~2.1.2 (node_modules\chokidar\node_modules\fsevents):
npm WARN notsup SKIPPING OPTIONAL DEPENDENCY: Unsupported platform for fsevents@2.1.3: wanted {"os":"darwin","arch":"any"} (current: {"os":"win32","arch":"ia32"})
npm WARN optional SKIPPING OPTIONAL DEPENDENCY: fsevents@^1.2.7 (node_modules\watchpack-chokidar2\node_modules\chokidar\node_modules\fsevents):
npm WARN notsup SKIPPING OPTIONAL DEPENDENCY: Unsupported platform for fsevents@1.2.13: wanted {"os":"darwin","arch":"any"} (current: {"os":"win32","arch":"ia32"})
npm WARN webpack-html@1.0.0 No description
npm WARN webpack-html@1.0.0 No repository field.

+ webpack@4.44.1
added 345 packages from 201 contributors and audited 347 packages in 28.446s

6 packages are looking for funding
  run `npm fund` for details

found 0 vulnerabilities


vanya@DESKTOP-NU5AQCK MINGW64 ~/Documents/work/test/webpack-html
$ npm i webpack-cli --save-dev
npm WARN webpack-html@1.0.0 No description
npm WARN webpack-html@1.0.0 No repository field.
npm WARN optional SKIPPING OPTIONAL DEPENDENCY: fsevents@2.1.3 (node_modules\fsevents):
npm WARN notsup SKIPPING OPTIONAL DEPENDENCY: Unsupported platform for fsevents@2.1.3: wanted {"os":"darwin","arch":"any"} (current: {"os":"win32","arch":"ia32"})
npm WARN optional SKIPPING OPTIONAL DEPENDENCY: fsevents@1.2.13 (node_modules\watchpack-chokidar2\node_modules\fsevents):
npm WARN notsup SKIPPING OPTIONAL DEPENDENCY: Unsupported platform for fsevents@1.2.13: wanted {"os":"darwin","arch":"any"} (current: {"os":"win32","arch":"ia32"})

+ webpack-cli@3.3.12
added 48 packages from 28 contributors and audited 395 packages in 12.043s

6 packages are looking for funding
  run `npm fund` for details

found 0 vulnerabilities


vanya@DESKTOP-NU5AQCK MINGW64 ~/Documents/work/test/webpack-html
$ touch src/index.js
touch: cannot touch 'src/index.js': No such file or directory

vanya@DESKTOP-NU5AQCK MINGW64 ~/Documents/work/test/webpack-html
$ mkdir src

vanya@DESKTOP-NU5AQCK MINGW64 ~/Documents/work/test/webpack-html
$ touch src/index.js

vanya@DESKTOP-NU5AQCK MINGW64 ~/Documents/work/test/webpack-html
$ npm run build

> webpack-html@1.0.0 build C:\Users\vanya\Documents\work\test\webpack-html
> webpack

Hash: a5b950643da5d73067a9
Version: webpack 4.44.1
Time: 374ms
Built at: 2020-09-17 20:20:23
  Asset       Size  Chunks             Chunk Names
main.js  930 bytes       0  [emitted]  main
Entrypoint main = main.js
[0] ./src/index.js 0 bytes {0} [built]

WARNING in configuration
The 'mode' option has not been set, webpack will fallback to 'production' for this value. Set 'mode' option to 'development' or 'production' to enable defaults for each environment.
You can also set it to 'none' to disable any default behavior. Learn more: https://webpack.js.org/configuration/mode/

vanya@DESKTOP-NU5AQCK MINGW64 ~/Documents/work/test/webpack-html
$ touch index.html

vanya@DESKTOP-NU5AQCK MINGW64 ~/Documents/work/test/webpack-html
$ touch src/some.js

vanya@DESKTOP-NU5AQCK MINGW64 ~/Documents/work/test/webpack-html
$ vim src/some.js

vanya@DESKTOP-NU5AQCK MINGW64 ~/Documents/work/test/webpack-html
$ vim src/distance.js

vanya@DESKTOP-NU5AQCK MINGW64 ~/Documents/work/test/webpack-html
$ npm run build

> webpack-html@1.0.0 build C:\Users\vanya\Documents\work\test\webpack-html
> webpack

Hash: ffd6c87d3072ddc899fb
Version: webpack 4.44.1
Time: 435ms
Built at: 2020-09-17 20:49:06
  Asset      Size  Chunks             Chunk Names
main.js  1.34 KiB       0  [emitted]  main
Entrypoint main = main.js
[0] ./src/index.js 25 bytes {0} [built]
[1] ./src/magazine.js + 1 modules 1.11 KiB {0} [built]
    | ./src/magazine.js 416 bytes [built]
    | ./src/distance.js 722 bytes [built]

WARNING in configuration
The 'mode' option has not been set, webpack will fallback to 'production' for this value. Set 'mode' option to 'development' or 'production' to enable defaults for each environment.
You can also set it to 'none' to disable any default behavior. Learn more: https://webpack.js.org/configuration/mode/

vanya@DESKTOP-NU5AQCK MINGW64 ~/Documents/work/test/webpack-html
$ touch .gitignore

vanya@DESKTOP-NU5AQCK MINGW64 ~/Documents/work/test/webpack-html
$ vim .gitignore

vanya@DESKTOP-NU5AQCK MINGW64 ~/Documents/work/test/webpack-html
$ touch webpack.config.js

vanya@DESKTOP-NU5AQCK MINGW64 ~/Documents/work/test/webpack-html
$ vim webpack.config.js

vanya@DESKTOP-NU5AQCK MINGW64 ~/Documents/work/test/webpack-html
$ npm run build

> webpack-html@1.0.0 build C:\Users\vanya\Documents\work\test\webpack-html
> webpack

Invalid configuration object. Webpack has been initialised using a configuration object that does not match the API schema.
 - configuration.entry should be an non-empty string.
   -> An entry point without name. The string is resolved to a module which is loaded upon startup.
npm ERR! code ELIFECYCLE
npm ERR! errno 1
npm ERR! webpack-html@1.0.0 build: `webpack`
npm ERR! Exit status 1
npm ERR!
npm ERR! Failed at the webpack-html@1.0.0 build script.
npm ERR! This is probably not a problem with npm. There is likely additional logging output above.

npm ERR! A complete log of this run can be found in:
npm ERR!     C:\Users\vanya\AppData\Roaming\npm-cache\_logs\2020-09-17T18_09_57_745Z-debug.log

vanya@DESKTOP-NU5AQCK MINGW64 ~/Documents/work/test/webpack-html
$ npm run build

> webpack-html@1.0.0 build C:\Users\vanya\Documents\work\test\webpack-html
> webpack

Hash: 5ae9824aa8bbf081cf1f
Version: webpack 4.44.1
Time: 420ms
Built at: 2020-09-17 21:11:02
  Asset      Size  Chunks             Chunk Names
main.js  1.34 KiB       0  [emitted]  main
Entrypoint main = main.js
[0] ./src/index.js 25 bytes {0} [built]
[1] ./src/magazine.js + 1 modules 1.11 KiB {0} [built]
    | ./src/magazine.js 416 bytes [built]
    | ./src/distance.js 722 bytes [built]

WARNING in configuration
The 'mode' option has not been set, webpack will fallback to 'production' for this value. Set 'mode' option to 'development' or 'production' to enable defaults for each environment.
You can also set it to 'none' to disable any default behavior. Learn more: https://webpack.js.org/configuration/mode/

vanya@DESKTOP-NU5AQCK MINGW64 ~/Documents/work/test/webpack-html
$ npm install file-loader --save-dev
npm WARN webpack-html@1.0.0 No description
npm WARN webpack-html@1.0.0 No repository field.
npm WARN optional SKIPPING OPTIONAL DEPENDENCY: fsevents@2.1.3 (node_modules\fsevents):
npm WARN notsup SKIPPING OPTIONAL DEPENDENCY: Unsupported platform for fsevents@2.1.3: wanted {"os":"darwin","arch":"any"} (current: {"os":"win32","arch":"ia32"})
npm WARN optional SKIPPING OPTIONAL DEPENDENCY: fsevents@1.2.13 (node_modules\watchpack-chokidar2\node_modules\fsevents):
npm WARN notsup SKIPPING OPTIONAL DEPENDENCY: Unsupported platform for fsevents@1.2.13: wanted {"os":"darwin","arch":"any"} (current: {"os":"win32","arch":"ia32"})

+ file-loader@6.1.0
added 5 packages from 11 contributors and audited 400 packages in 4.687s

8 packages are looking for funding
  run `npm fund` for details

found 0 vulnerabilities


vanya@DESKTOP-NU5AQCK MINGW64 ~/Documents/work/test/webpack-html
$ npm run build

> webpack-html@1.0.0 build C:\Users\vanya\Documents\work\test\webpack-html
> webpack

Hash: 2320173424d8fd65f4c0
Version: webpack 4.44.1
Time: 511ms
Built at: 2020-09-17 21:21:26
                               Asset      Size  Chunks                         Chunk Names
5d4c0fce280dd52efc4d312ce55a58bb.jpg  11.1 KiB          [emitted] [immutable]
                             main.js  1.36 KiB       0  [emitted]              main
Entrypoint main = main.js
[0] ./src/index.js + 1 modules 140 bytes {0} [built]
    | ./src/index.js 60 bytes [built]
    | ./src/img/file.jpg 80 bytes [built]
[1] ./src/magazine.js + 1 modules 1.11 KiB {0} [built]
    | ./src/magazine.js 416 bytes [built]
    | ./src/distance.js 722 bytes [built]

WARNING in configuration
The 'mode' option has not been set, webpack will fallback to 'production' for this value. Set 'mode' option to 'development' or 'production' to enable defaults for each environment.
You can also set it to 'none' to disable any default behavior. Learn more: https://webpack.js.org/configuration/mode/

vanya@DESKTOP-NU5AQCK MINGW64 ~/Documents/work/test/webpack-html
$ npm run build

> webpack-html@1.0.0 build C:\Users\vanya\Documents\work\test\webpack-html
> webpack

Hash: 665863a40c8b0bed1007
Version: webpack 4.44.1
Time: 210ms
Built at: 2020-09-17 21:31:51
                               Asset      Size  Chunks                         Chunk Names
5d4c0fce280dd52efc4d312ce55a58bb.jpg  11.1 KiB          [emitted] [immutable]
                                main  5.24 KiB       0  [emitted]              main
Entrypoint main = main
[0] ./src/index.js + 1 modules 140 bytes {0} [built]
    | ./src/index.js 60 bytes [built]
    | ./src/img/file.jpg 80 bytes [built]
[1] ./src/magazine.js + 1 modules 1.11 KiB {0} [built]
    | ./src/magazine.js 416 bytes [built]
    | ./src/distance.js 722 bytes [built]

WARNING in configuration
The 'mode' option has not been set, webpack will fallback to 'production' for this value. Set 'mode' option to 'development' or 'production' to enable defaults for each environment.
You can also set it to 'none' to disable any default behavior. Learn more: https://webpack.js.org/configuration/mode/

vanya@DESKTOP-NU5AQCK MINGW64 ~/Documents/work/test/webpack-html
$ npm run build

> webpack-html@1.0.0 build C:\Users\vanya\Documents\work\test\webpack-html
> webpack

Hash: 2320173424d8fd65f4c0
Version: webpack 4.44.1
Time: 209ms
Built at: 2020-09-17 21:32:45
                               Asset      Size  Chunks                         Chunk Names
5d4c0fce280dd52efc4d312ce55a58bb.jpg  11.1 KiB          [emitted] [immutable]
                             main.js  1.36 KiB       0  [emitted]              main
Entrypoint main = main.js
[0] ./src/index.js + 1 modules 140 bytes {0} [built]
    | ./src/index.js 60 bytes [built]
    | ./src/img/file.jpg 80 bytes [built]
[1] ./src/magazine.js + 1 modules 1.11 KiB {0} [built]
    | ./src/magazine.js 416 bytes [built]
    | ./src/distance.js 722 bytes [built]

WARNING in configuration
The 'mode' option has not been set, webpack will fallback to 'production' for this value. Set 'mode' option to 'development' or 'production' to enable defaults for each environment.
You can also set it to 'none' to disable any default behavior. Learn more: https://webpack.js.org/configuration/mode/

vanya@DESKTOP-NU5AQCK MINGW64 ~/Documents/work/test/webpack-html
$ npm run build

> webpack-html@1.0.0 build C:\Users\vanya\Documents\work\test\webpack-html
> webpack

Hash: d4206c984cfc1ad20c45
Version: webpack 4.44.1
Time: 511ms
Built at: 2020-09-17 21:33:38
                                   Asset      Size  Chunks                         Chunk Names
img/5d4c0fce280dd52efc4d312ce55a58bb.jpg  11.1 KiB          [emitted] [immutable]
                                 main.js  1.36 KiB       0  [emitted]              main
Entrypoint main = main.js
[0] ./src/index.js + 1 modules 144 bytes {0} [built]
    | ./src/index.js 60 bytes [built]
    | ./src/img/file.jpg 84 bytes [built]
[1] ./src/magazine.js + 1 modules 1.11 KiB {0} [built]
    | ./src/magazine.js 416 bytes [built]
    | ./src/distance.js 722 bytes [built]

WARNING in configuration
The 'mode' option has not been set, webpack will fallback to 'production' for this value. Set 'mode' option to 'development' or 'production' to enable defaults for each environment.
You can also set it to 'none' to disable any default behavior. Learn more: https://webpack.js.org/configuration/mode/

vanya@DESKTOP-NU5AQCK MINGW64 ~/Documents/work/test/webpack-html
$ npm run build

> webpack-html@1.0.0 build C:\Users\vanya\Documents\work\test\webpack-html
> webpack

Hash: 18a2a5cbd1460f13ca14
Version: webpack 4.44.1
Time: 494ms
Built at: 2020-09-17 21:35:08
       Asset      Size  Chunks             Chunk Names
img/file.jpg  11.1 KiB          [emitted]
     main.js  1.36 KiB       0  [emitted]  main
Entrypoint main = main.js
[0] ./src/index.js + 1 modules 116 bytes {0} [built]
    | ./src/index.js 60 bytes [built]
    | ./src/img/file.jpg 56 bytes [built]
[1] ./src/magazine.js + 1 modules 1.11 KiB {0} [built]
    | ./src/magazine.js 416 bytes [built]
    | ./src/distance.js 722 bytes [built]

WARNING in configuration
The 'mode' option has not been set, webpack will fallback to 'production' for this value. Set 'mode' option to 'development' or 'production' to enable defaults for each environment.
You can also set it to 'none' to disable any default behavior. Learn more: https://webpack.js.org/configuration/mode/

vanya@DESKTOP-NU5AQCK MINGW64 ~/Documents/work/test/webpack-html
$ npm run build

> webpack-html@1.0.0 build C:\Users\vanya\Documents\work\test\webpack-html
> webpack

Hash: 18a2a5cbd1460f13ca14
Version: webpack 4.44.1
Time: 203ms
Built at: 2020-09-17 21:37:51
       Asset      Size  Chunks             Chunk Names
img/file.jpg  11.1 KiB          [emitted]
     main.js  1.36 KiB       0  [emitted]  main
Entrypoint main = main.js
[0] ./src/index.js + 1 modules 116 bytes {0} [built]
    | ./src/index.js 60 bytes [built]
    | ./src/img/file.jpg 56 bytes [built]
[1] ./src/magazine.js + 1 modules 1.11 KiB {0} [built]
    | ./src/magazine.js 416 bytes [built]
    | ./src/distance.js 722 bytes [built]

WARNING in configuration
The 'mode' option has not been set, webpack will fallback to 'production' for this value. Set 'mode' option to 'development' or 'production' to enable defaults for each environment.
You can also set it to 'none' to disable any default behavior. Learn more: https://webpack.js.org/configuration/mode/

vanya@DESKTOP-NU5AQCK MINGW64 ~/Documents/work/test/webpack-html
$ npm run build

> webpack-html@1.0.0 build C:\Users\vanya\Documents\work\test\webpack-html
> webpack

Hash: 18a2a5cbd1460f13ca14
Version: webpack 4.44.1
Time: 210ms
Built at: 2020-09-17 21:38:12
       Asset      Size  Chunks             Chunk Names
img/file.jpg  11.1 KiB          [emitted]
     main.js  1.36 KiB       0  [emitted]  main
Entrypoint main = main.js
[0] ./src/index.js + 1 modules 116 bytes {0} [built]
    | ./src/index.js 60 bytes [built]
    | ./src/img/file.jpg 56 bytes [built]
[1] ./src/magazine.js + 1 modules 1.11 KiB {0} [built]
    | ./src/magazine.js 416 bytes [built]
    | ./src/distance.js 722 bytes [built]

WARNING in configuration
The 'mode' option has not been set, webpack will fallback to 'production' for this value. Set 'mode' option to 'development' or 'production' to enable defaults for each environment.
You can also set it to 'none' to disable any default behavior. Learn more: https://webpack.js.org/configuration/mode/

vanya@DESKTOP-NU5AQCK MINGW64 ~/Documents/work/test/webpack-html
$ npm run build

> webpack-html@1.0.0 build C:\Users\vanya\Documents\work\test\webpack-html
> webpack

Hash: 4ba3ebaa60932613e7a6
Version: webpack 4.44.1
Time: 405ms
Built at: 2020-09-17 21:40:22
 1 asset
Entrypoint main = main.js
[0] ./src/index.js 60 bytes {0} [built]
[1] ./src/magazine.js + 1 modules 1.11 KiB {0} [built]
    | ./src/magazine.js 416 bytes [built]
    | ./src/distance.js 722 bytes [built]

WARNING in configuration
The 'mode' option has not been set, webpack will fallback to 'production' for this value. Set 'mode' option to 'development' or 'production' to enable defaults for each environment.
You can also set it to 'none' to disable any default behavior. Learn more: https://webpack.js.org/configuration/mode/

ERROR in ./src/index.js
Module not found: Error: Can't resolve './img/file.jpg' in 'C:\Users\vanya\Documents\work\test\webpack-html\src'
 @ ./src/index.js 1:0-33
npm ERR! code ELIFECYCLE
npm ERR! errno 2
npm ERR! webpack-html@1.0.0 build: `webpack`
npm ERR! Exit status 2
npm ERR!
npm ERR! Failed at the webpack-html@1.0.0 build script.
npm ERR! This is probably not a problem with npm. There is likely additional logging output above.

npm ERR! A complete log of this run can be found in:
npm ERR!     C:\Users\vanya\AppData\Roaming\npm-cache\_logs\2020-09-17T18_40_22_737Z-debug.log

vanya@DESKTOP-NU5AQCK MINGW64 ~/Documents/work/test/webpack-html
$ npm run build

> webpack-html@1.0.0 build C:\Users\vanya\Documents\work\test\webpack-html
> webpack

Hash: 4ba3ebaa60932613e7a6
Version: webpack 4.44.1
Time: 119ms
Built at: 2020-09-17 21:48:23
 1 asset
Entrypoint main = main.js
[0] ./src/index.js 60 bytes {0} [built]
[1] ./src/magazine.js + 1 modules 1.11 KiB {0} [built]
    | ./src/magazine.js 416 bytes [built]
    | ./src/distance.js 722 bytes [built]

WARNING in configuration
The 'mode' option has not been set, webpack will fallback to 'production' for this value. Set 'mode' option to 'development' or 'production' to enable defaults for each environment.
You can also set it to 'none' to disable any default behavior. Learn more: https://webpack.js.org/configuration/mode/

ERROR in ./src/index.js
Module not found: Error: Can't resolve './img/file.jpg' in 'C:\Users\vanya\Documents\work\test\webpack-html\src'
 @ ./src/index.js 1:0-33
npm ERR! code ELIFECYCLE
npm ERR! errno 2
npm ERR! webpack-html@1.0.0 build: `webpack`
npm ERR! Exit status 2
npm ERR!
npm ERR! Failed at the webpack-html@1.0.0 build script.
npm ERR! This is probably not a problem with npm. There is likely additional logging output above.

npm ERR! A complete log of this run can be found in:
npm ERR!     C:\Users\vanya\AppData\Roaming\npm-cache\_logs\2020-09-17T18_48_23_589Z-debug.log

vanya@DESKTOP-NU5AQCK MINGW64 ~/Documents/work/test/webpack-html
$ npm run build

> webpack-html@1.0.0 build C:\Users\vanya\Documents\work\test\webpack-html
> webpack

Hash: 4ba3ebaa60932613e7a6
Version: webpack 4.44.1
Time: 121ms
Built at: 2020-09-17 21:48:33
 1 asset
Entrypoint main = main.js
[0] ./src/index.js 60 bytes {0} [built]
[1] ./src/magazine.js + 1 modules 1.11 KiB {0} [built]
    | ./src/magazine.js 416 bytes [built]
    | ./src/distance.js 722 bytes [built]

WARNING in configuration
The 'mode' option has not been set, webpack will fallback to 'production' for this value. Set 'mode' option to 'development' or 'production' to enable defaults for each environment.
You can also set it to 'none' to disable any default behavior. Learn more: https://webpack.js.org/configuration/mode/

ERROR in ./src/index.js
Module not found: Error: Can't resolve './img/file.jpg' in 'C:\Users\vanya\Documents\work\test\webpack-html\src'
 @ ./src/index.js 1:0-33
npm ERR! code ELIFECYCLE
npm ERR! errno 2
npm ERR! webpack-html@1.0.0 build: `webpack`
npm ERR! Exit status 2
npm ERR!
npm ERR! Failed at the webpack-html@1.0.0 build script.
npm ERR! This is probably not a problem with npm. There is likely additional logging output above.

npm ERR! A complete log of this run can be found in:
npm ERR!     C:\Users\vanya\AppData\Roaming\npm-cache\_logs\2020-09-17T18_48_33_229Z-debug.log

vanya@DESKTOP-NU5AQCK MINGW64 ~/Documents/work/test/webpack-html
$ npm run build

> webpack-html@1.0.0 build C:\Users\vanya\Documents\work\test\webpack-html
> webpack

Hash: 4ba3ebaa60932613e7a6
Version: webpack 4.44.1
Time: 119ms
Built at: 2020-09-17 21:48:47
 1 asset
Entrypoint main = main.js
[0] ./src/index.js 60 bytes {0} [built]
[1] ./src/magazine.js + 1 modules 1.11 KiB {0} [built]
    | ./src/magazine.js 416 bytes [built]
    | ./src/distance.js 722 bytes [built]

WARNING in configuration
The 'mode' option has not been set, webpack will fallback to 'production' for this value. Set 'mode' option to 'development' or 'production' to enable defaults for each environment.
You can also set it to 'none' to disable any default behavior. Learn more: https://webpack.js.org/configuration/mode/

ERROR in ./src/index.js
Module not found: Error: Can't resolve './img/file.jpg' in 'C:\Users\vanya\Documents\work\test\webpack-html\src'
 @ ./src/index.js 1:0-33
npm ERR! code ELIFECYCLE
npm ERR! errno 2
npm ERR! webpack-html@1.0.0 build: `webpack`
npm ERR! Exit status 2
npm ERR!
npm ERR! Failed at the webpack-html@1.0.0 build script.
npm ERR! This is probably not a problem with npm. There is likely additional logging output above.

npm ERR! A complete log of this run can be found in:
npm ERR!     C:\Users\vanya\AppData\Roaming\npm-cache\_logs\2020-09-17T18_48_47_956Z-debug.log

vanya@DESKTOP-NU5AQCK MINGW64 ~/Documents/work/test/webpack-html
$ npm run build

> webpack-html@1.0.0 build C:\Users\vanya\Documents\work\test\webpack-html
> webpack

Hash: 4ba3ebaa60932613e7a6
Version: webpack 4.44.1
Time: 128ms
Built at: 2020-09-17 21:53:39
 1 asset
Entrypoint main = main.js
[0] ./src/index.js 60 bytes {0} [built]
[1] ./src/magazine.js + 1 modules 1.11 KiB {0} [built]
    | ./src/magazine.js 416 bytes [built]
    | ./src/distance.js 722 bytes [built]

WARNING in configuration
The 'mode' option has not been set, webpack will fallback to 'production' for this value. Set 'mode' option to 'development' or 'production' to enable defaults for each environment.
You can also set it to 'none' to disable any default behavior. Learn more: https://webpack.js.org/configuration/mode/

ERROR in ./src/index.js
Module not found: Error: Can't resolve './img/file.jpg' in 'C:\Users\vanya\Documents\work\test\webpack-html\src'
 @ ./src/index.js 1:0-33
npm ERR! code ELIFECYCLE
npm ERR! errno 2
npm ERR! webpack-html@1.0.0 build: `webpack`
npm ERR! Exit status 2
npm ERR!
npm ERR! Failed at the webpack-html@1.0.0 build script.
npm ERR! This is probably not a problem with npm. There is likely additional logging output above.

npm ERR! A complete log of this run can be found in:
npm ERR!     C:\Users\vanya\AppData\Roaming\npm-cache\_logs\2020-09-17T18_53_39_216Z-debug.log

vanya@DESKTOP-NU5AQCK MINGW64 ~/Documents/work/test/webpack-html
$ npm run build

> webpack-html@1.0.0 build C:\Users\vanya\Documents\work\test\webpack-html
> webpack

Hash: 4ba3ebaa60932613e7a6
Version: webpack 4.44.1
Time: 119ms
Built at: 2020-09-17 21:54:26
 1 asset
Entrypoint main = main.js
[0] ./src/index.js 60 bytes {0} [built]
[1] ./src/magazine.js + 1 modules 1.11 KiB {0} [built]
    | ./src/magazine.js 416 bytes [built]
    | ./src/distance.js 722 bytes [built]

WARNING in configuration
The 'mode' option has not been set, webpack will fallback to 'production' for this value. Set 'mode' option to 'development' or 'production' to enable defaults for each environment.
You can also set it to 'none' to disable any default behavior. Learn more: https://webpack.js.org/configuration/mode/

ERROR in ./src/index.js
Module not found: Error: Can't resolve './img/file.jpg' in 'C:\Users\vanya\Documents\work\test\webpack-html\src'
 @ ./src/index.js 1:0-33
npm ERR! code ELIFECYCLE
npm ERR! errno 2
npm ERR! webpack-html@1.0.0 build: `webpack`
npm ERR! Exit status 2
npm ERR!
npm ERR! Failed at the webpack-html@1.0.0 build script.
npm ERR! This is probably not a problem with npm. There is likely additional logging output above.

npm ERR! A complete log of this run can be found in:
npm ERR!     C:\Users\vanya\AppData\Roaming\npm-cache\_logs\2020-09-17T18_54_26_220Z-debug.log

vanya@DESKTOP-NU5AQCK MINGW64 ~/Documents/work/test/webpack-html
$ npm run build

> webpack-html@1.0.0 build C:\Users\vanya\Documents\work\test\webpack-html
> webpack

Hash: 4ba3ebaa60932613e7a6
Version: webpack 4.44.1
Time: 117ms
Built at: 2020-09-17 21:54:42
 1 asset
Entrypoint main = main.js
[0] ./src/index.js 60 bytes {0} [built]
[1] ./src/magazine.js + 1 modules 1.11 KiB {0} [built]
    | ./src/magazine.js 416 bytes [built]
    | ./src/distance.js 722 bytes [built]

WARNING in configuration
The 'mode' option has not been set, webpack will fallback to 'production' for this value. Set 'mode' option to 'development' or 'production' to enable defaults for each environment.
You can also set it to 'none' to disable any default behavior. Learn more: https://webpack.js.org/configuration/mode/

ERROR in ./src/index.js
Module not found: Error: Can't resolve './img/file.jpg' in 'C:\Users\vanya\Documents\work\test\webpack-html\src'
 @ ./src/index.js 1:0-33
npm ERR! code ELIFECYCLE
npm ERR! errno 2
npm ERR! webpack-html@1.0.0 build: `webpack`
npm ERR! Exit status 2
npm ERR!
npm ERR! Failed at the webpack-html@1.0.0 build script.
npm ERR! This is probably not a problem with npm. There is likely additional logging output above.

npm ERR! A complete log of this run can be found in:
npm ERR!     C:\Users\vanya\AppData\Roaming\npm-cache\_logs\2020-09-17T18_54_43_021Z-debug.log

vanya@DESKTOP-NU5AQCK MINGW64 ~/Documents/work/test/webpack-html
$ npm run build

> webpack-html@1.0.0 build C:\Users\vanya\Documents\work\test\webpack-html
> webpack

Hash: 4ba3ebaa60932613e7a6
Version: webpack 4.44.1
Time: 116ms
Built at: 2020-09-17 21:55:00
 1 asset
Entrypoint main = main.js
[0] ./src/index.js 60 bytes {0} [built]
[1] ./src/magazine.js + 1 modules 1.11 KiB {0} [built]
    | ./src/magazine.js 416 bytes [built]
    | ./src/distance.js 722 bytes [built]

WARNING in configuration
The 'mode' option has not been set, webpack will fallback to 'production' for this value. Set 'mode' option to 'development' or 'production' to enable defaults for each environment.
You can also set it to 'none' to disable any default behavior. Learn more: https://webpack.js.org/configuration/mode/

ERROR in ./src/index.js
Module not found: Error: Can't resolve './img/file.jpg' in 'C:\Users\vanya\Documents\work\test\webpack-html\src'
 @ ./src/index.js 1:0-33
npm ERR! code ELIFECYCLE
npm ERR! errno 2
npm ERR! webpack-html@1.0.0 build: `webpack`
npm ERR! Exit status 2
npm ERR!
npm ERR! Failed at the webpack-html@1.0.0 build script.
npm ERR! This is probably not a problem with npm. There is likely additional logging output above.

npm ERR! A complete log of this run can be found in:
npm ERR!     C:\Users\vanya\AppData\Roaming\npm-cache\_logs\2020-09-17T18_55_00_393Z-debug.log

vanya@DESKTOP-NU5AQCK MINGW64 ~/Documents/work/test/webpack-html
$ npm run build

> webpack-html@1.0.0 build C:\Users\vanya\Documents\work\test\webpack-html
> webpack

Hash: 4ba3ebaa60932613e7a6
Version: webpack 4.44.1
Time: 118ms
Built at: 2020-09-17 21:55:14
 1 asset
Entrypoint main = main.js
[0] ./src/index.js 60 bytes {0} [built]
[1] ./src/magazine.js + 1 modules 1.11 KiB {0} [built]
    | ./src/magazine.js 416 bytes [built]
    | ./src/distance.js 722 bytes [built]

WARNING in configuration
The 'mode' option has not been set, webpack will fallback to 'production' for this value. Set 'mode' option to 'development' or 'production' to enable defaults for each environment.
You can also set it to 'none' to disable any default behavior. Learn more: https://webpack.js.org/configuration/mode/

ERROR in ./src/index.js
Module not found: Error: Can't resolve './img/file.jpg' in 'C:\Users\vanya\Documents\work\test\webpack-html\src'
 @ ./src/index.js 1:0-33
npm ERR! code ELIFECYCLE
npm ERR! errno 2
npm ERR! webpack-html@1.0.0 build: `webpack`
npm ERR! Exit status 2
npm ERR!
npm ERR! Failed at the webpack-html@1.0.0 build script.
npm ERR! This is probably not a problem with npm. There is likely additional logging output above.

npm ERR! A complete log of this run can be found in:
npm ERR!     C:\Users\vanya\AppData\Roaming\npm-cache\_logs\2020-09-17T18_55_14_944Z-debug.log

vanya@DESKTOP-NU5AQCK MINGW64 ~/Documents/work/test/webpack-html
$ npm run build

> webpack-html@1.0.0 build C:\Users\vanya\Documents\work\test\webpack-html
> webpack

Hash: 921303ab1c0ce66a1bdc
Version: webpack 4.44.1
Time: 412ms
Built at: 2020-09-17 21:57:05
 1 asset
Entrypoint main = main.js
[0] ./src/index.js 81 bytes {0} [built]
[1] ./src/magazine.js + 1 modules 1.11 KiB {0} [built]
    | ./src/magazine.js 416 bytes [built]
    | ./src/distance.js 722 bytes [built]

WARNING in configuration
The 'mode' option has not been set, webpack will fallback to 'production' for this value. Set 'mode' option to 'development' or 'production' to enable defaults for each environment.
You can also set it to 'none' to disable any default behavior. Learn more: https://webpack.js.org/configuration/mode/

ERROR in ./src/index.js
Module not found: Error: Can't resolve './img' in 'C:\Users\vanya\Documents\work\test\webpack-html\src'
 @ ./src/index.js 3:0-16
npm ERR! code ELIFECYCLE
npm ERR! errno 2
npm ERR! webpack-html@1.0.0 build: `webpack`
npm ERR! Exit status 2
npm ERR!
npm ERR! Failed at the webpack-html@1.0.0 build script.
npm ERR! This is probably not a problem with npm. There is likely additional logging output above.

npm ERR! A complete log of this run can be found in:
npm ERR!     C:\Users\vanya\AppData\Roaming\npm-cache\_logs\2020-09-17T18_57_05_191Z-debug.log

vanya@DESKTOP-NU5AQCK MINGW64 ~/Documents/work/test/webpack-html
$ npm run build

> webpack-html@1.0.0 build C:\Users\vanya\Documents\work\test\webpack-html
> webpack

Hash: ea1c29cebe448d2086ee
Version: webpack 4.44.1
Time: 427ms
Built at: 2020-09-17 21:59:03
 1 asset
Entrypoint main = main.js
[0] ./src/index.js 107 bytes {0} [built]
[1] ./src/magazine.js + 1 modules 1.11 KiB {0} [built]
    | ./src/magazine.js 416 bytes [built]
    | ./src/distance.js 722 bytes [built]

WARNING in configuration
The 'mode' option has not been set, webpack will fallback to 'production' for this value. Set 'mode' option to 'development' or 'production' to enable defaults for each environment.
You can also set it to 'none' to disable any default behavior. Learn more: https://webpack.js.org/configuration/mode/

ERROR in ./src/index.js
Module not found: Error: Can't resolve 'require-all' in 'C:\Users\vanya\Documents\work\test\webpack-html\src'
 @ ./src/index.js 3:0-22
npm ERR! code ELIFECYCLE
npm ERR! errno 2
npm ERR! webpack-html@1.0.0 build: `webpack`
npm ERR! Exit status 2
npm ERR!
npm ERR! Failed at the webpack-html@1.0.0 build script.
npm ERR! This is probably not a problem with npm. There is likely additional logging output above.

npm ERR! A complete log of this run can be found in:
npm ERR!     C:\Users\vanya\AppData\Roaming\npm-cache\_logs\2020-09-17T18_59_03_851Z-debug.log

vanya@DESKTOP-NU5AQCK MINGW64 ~/Documents/work/test/webpack-html
$ npm run build

> webpack-html@1.0.0 build C:\Users\vanya\Documents\work\test\webpack-html
> webpack

Hash: c37a4dda65cc7cce7697
Version: webpack 4.44.1
Time: 727ms
Built at: 2020-09-17 22:00:53
 2 assets
Entrypoint main = main.js
[0] ./src/index.js 236 bytes {0} [built]
[3] ./src/img sync ^\.\/.*$ 211 bytes {0} [built]
[4] ./src/img/Gavrilov1_Файл2.jpg 84 bytes {0} [optional] [built]
[5] ./src/img/Гаврилов_Файл1.jpg 84 bytes {0} [optional] [built]
[6] ./src/magazine.js + 1 modules 1.11 KiB {0} [built]
    | ./src/magazine.js 416 bytes [built]
    | ./src/distance.js 722 bytes [built]
    + 2 hidden modules

WARNING in configuration
The 'mode' option has not been set, webpack will fallback to 'production' for this value. Set 'mode' option to 'development' or 'production' to enable defaults for each environment.
You can also set it to 'none' to disable any default behavior. Learn more: https://webpack.js.org/configuration/mode/

ERROR in ./src/index.js
Module not found: Error: Can't resolve 'fs' in 'C:\Users\vanya\Documents\work\test\webpack-html\src'
 @ ./src/index.js 8:0-13
npm ERR! code ELIFECYCLE
npm ERR! errno 2
npm ERR! webpack-html@1.0.0 build: `webpack`
npm ERR! Exit status 2
npm ERR!
npm ERR! Failed at the webpack-html@1.0.0 build script.
npm ERR! This is probably not a problem with npm. There is likely additional logging output above.

npm ERR! A complete log of this run can be found in:
npm ERR!     C:\Users\vanya\AppData\Roaming\npm-cache\_logs\2020-09-17T19_00_53_075Z-debug.log

vanya@DESKTOP-NU5AQCK MINGW64 ~/Documents/work/test/webpack-html
$ npm run build

> webpack-html@1.0.0 build C:\Users\vanya\Documents\work\test\webpack-html
> webpack

Hash: 835db49eaea3455a1e5a
Version: webpack 4.44.1
Time: 530ms
Built at: 2020-09-17 22:01:31
                                   Asset      Size  Chunks                         Chunk Names
img/5d4c0fce280dd52efc4d312ce55a58bb.jpg  11.1 KiB          [emitted] [immutable]
                                 main.js  1.95 KiB       0  [emitted]              main
Entrypoint main = main.js
[0] ./src/index.js 234 bytes {0} [built]
[1] ./src/img sync ^\.\/.*$ 211 bytes {0} [built]
[2] ./src/img/Gavrilov1_Файл2.jpg 84 bytes {0} [optional] [built]
[3] ./src/img/Гаврилов_Файл1.jpg 84 bytes {0} [optional] [built]
[4] ./src/magazine.js + 1 modules 1.11 KiB {0} [built]
    | ./src/magazine.js 416 bytes [built]
    | ./src/distance.js 722 bytes [built]

WARNING in configuration
The 'mode' option has not been set, webpack will fallback to 'production' for this value. Set 'mode' option to 'development' or 'production' to enable defaults for each environment.
You can also set it to 'none' to disable any default behavior. Learn more: https://webpack.js.org/configuration/mode/

vanya@DESKTOP-NU5AQCK MINGW64 ~/Documents/work/test/webpack-html
$ npm run build

> webpack-html@1.0.0 build C:\Users\vanya\Documents\work\test\webpack-html
> webpack

Hash: 835db49eaea3455a1e5a
Version: webpack 4.44.1
Time: 220ms
Built at: 2020-09-17 22:02:30
                                   Asset      Size  Chunks                         Chunk Names
img/5d4c0fce280dd52efc4d312ce55a58bb.jpg  11.1 KiB          [emitted] [immutable]
                                 main.js  1.95 KiB       0  [emitted]              main
Entrypoint main = main.js
[0] ./src/index.js 234 bytes {0} [built]
[1] ./src/img sync ^\.\/.*$ 211 bytes {0} [built]
[2] ./src/img/Gavrilov1_Файл2.jpg 84 bytes {0} [optional] [built]
[3] ./src/img/Гаврилов_Файл1.jpg 84 bytes {0} [optional] [built]
[4] ./src/magazine.js + 1 modules 1.11 KiB {0} [built]
    | ./src/magazine.js 416 bytes [built]
    | ./src/distance.js 722 bytes [built]

WARNING in configuration
The 'mode' option has not been set, webpack will fallback to 'production' for this value. Set 'mode' option to 'development' or 'production' to enable defaults for each environment.
You can also set it to 'none' to disable any default behavior. Learn more: https://webpack.js.org/configuration/mode/

vanya@DESKTOP-NU5AQCK MINGW64 ~/Documents/work/test/webpack-html
$ npm run build

> webpack-html@1.0.0 build C:\Users\vanya\Documents\work\test\webpack-html
> webpack

Hash: c564b108e6f0fca43042
Version: webpack 4.44.1
Time: 574ms
Built at: 2020-09-17 22:04:06
                                                       Asset      Size  Chunks                         Chunk Names
img/jpg/Gavrilov1_Файл2_5d4c0fce280dd52efc4d312ce55a58bb.jpg  11.1 KiB          [emitted] [immutable]
      img/jpg/antoshkin_628ab781e7dc9dd4bc29d22a5a1a9be7.jpg    33 KiB          [emitted] [immutable]
           img/jpg/logo_a57dcb64883cf409aad4470ce0147eed.jpg  48.3 KiB          [emitted] [immutable]
    img/jpg/sabashnikov_61466ff77dadd68764016edb83c7b420.jpg  53.4 KiB          [emitted] [immutable]
 img/jpg/Гаврилов_Файл1_5d4c0fce280dd52efc4d312ce55a58bb.jpg  11.1 KiB          [emitted] [immutable]
         img/png/6073_6_d4a27e4a8ca51bded14bb76c7fbf5128.png  20.5 KiB          [emitted] [immutable]
            img/png/dlc_96c56a5d811404db03d3a53f73aeec96.png  30.3 KiB          [emitted] [immutable]
                                                     main.js   2.6 KiB       0  [emitted]              main
Entrypoint main = main.js
[0] ./src/index.js 234 bytes {0} [built]
[1] ./src/img sync ^\.\/.*$ 299 bytes {0} [built]
[2] ./src/img/6073_6.png 95 bytes {0} [optional] [built]
[3] ./src/img/Gavrilov1_Файл2.jpg 108 bytes {0} [optional] [built]
[4] ./src/img/antoshkin.jpg 98 bytes {0} [optional] [built]
[5] ./src/img/dlc.png 92 bytes {0} [optional] [built]
[6] ./src/img/logo.jpg 93 bytes {0} [optional] [built]
[7] ./src/img/sabashnikov.jpg 100 bytes {0} [optional] [built]
[8] ./src/img/Гаврилов_Файл1.jpg 115 bytes {0} [optional] [built]
[9] ./src/magazine.js + 1 modules 1.11 KiB {0} [built]
    | ./src/magazine.js 416 bytes [built]
    | ./src/distance.js 722 bytes [built]

WARNING in configuration
The 'mode' option has not been set, webpack will fallback to 'production' for this value. Set 'mode' option to 'development' or 'production' to enable defaults for each environment.
You can also set it to 'none' to disable any default behavior. Learn more: https://webpack.js.org/configuration/mode/

vanya@DESKTOP-NU5AQCK MINGW64 ~/Documents/work/test/webpack-html
$ npm run build

> webpack-html@1.0.0 build C:\Users\vanya\Documents\work\test\webpack-html
> webpack

Hash: 648743f610bcae5ae35e
Version: webpack 4.44.1
Time: 566ms
Built at: 2020-09-17 22:07:51
                                                            Asset      Size  Chunks                         Chunk Names
img/jpg/[1]/_Gavrilov1_Файл2_5d4c0fce280dd52efc4d312ce55a58bb.jpg  11.1 KiB          [emitted] [immutable]
      img/jpg/[1]/_antoshkin_628ab781e7dc9dd4bc29d22a5a1a9be7.jpg    33 KiB          [emitted] [immutable]
           img/jpg/[1]/_logo_a57dcb64883cf409aad4470ce0147eed.jpg  48.3 KiB          [emitted] [immutable]
    img/jpg/[1]/_sabashnikov_61466ff77dadd68764016edb83c7b420.jpg  53.4 KiB          [emitted] [immutable]
 img/jpg/[1]/_Гаврилов_Файл1_5d4c0fce280dd52efc4d312ce55a58bb.jpg  11.1 KiB          [emitted] [immutable]
         img/png/[1]/_6073_6_d4a27e4a8ca51bded14bb76c7fbf5128.png  20.5 KiB          [emitted] [immutable]
            img/png/[1]/_dlc_96c56a5d811404db03d3a53f73aeec96.png  30.3 KiB          [emitted] [immutable]
                                                          main.js  2.64 KiB       0  [emitted]              main
Entrypoint main = main.js
[0] ./src/index.js 441 bytes {0} [built]
[1] ./src/img sync ^\.\/.*$ 299 bytes {0} [built]
[2] ./src/img/6073_6.png 100 bytes {0} [optional] [built]
[3] ./src/img/Gavrilov1_Файл2.jpg 113 bytes {0} [optional] [built]
[4] ./src/img/antoshkin.jpg 103 bytes {0} [optional] [built]
[5] ./src/img/dlc.png 97 bytes {0} [optional] [built]
[6] ./src/img/logo.jpg 98 bytes {0} [optional] [built]
[7] ./src/img/sabashnikov.jpg 105 bytes {0} [optional] [built]
[8] ./src/img/Гаврилов_Файл1.jpg 120 bytes {0} [optional] [built]
[9] ./src/magazine.js + 1 modules 1.11 KiB {0} [built]
    | ./src/magazine.js 416 bytes [built]
    | ./src/distance.js 722 bytes [built]

WARNING in configuration
The 'mode' option has not been set, webpack will fallback to 'production' for this value. Set 'mode' option to 'development' or 'production' to enable defaults for each environment.
You can also set it to 'none' to disable any default behavior. Learn more: https://webpack.js.org/configuration/mode/

vanya@DESKTOP-NU5AQCK MINGW64 ~/Documents/work/test/webpack-html
$ npm run build

> webpack-html@1.0.0 build C:\Users\vanya\Documents\work\test\webpack-html
> webpack

Error: EINVAL: invalid argument, mkdir 'C:\Users\vanya\Documents\work\test\webpack-html\dist\img\png\C:\Users\vanya\Documents\work\test\webpack-html\src\img\6073_6.png'
npm ERR! code ELIFECYCLE
npm ERR! errno 1
npm ERR! webpack-html@1.0.0 build: `webpack`
npm ERR! Exit status 1
npm ERR!
npm ERR! Failed at the webpack-html@1.0.0 build script.
npm ERR! This is probably not a problem with npm. There is likely additional logging output above.

npm ERR! A complete log of this run can be found in:
npm ERR!     C:\Users\vanya\AppData\Roaming\npm-cache\_logs\2020-09-17T19_09_25_486Z-debug.log

vanya@DESKTOP-NU5AQCK MINGW64 ~/Documents/work/test/webpack-html
$ npm run build

> webpack-html@1.0.0 build C:\Users\vanya\Documents\work\test\webpack-html
> webpack

Hash: 2a8d0f4d212470a3ad52
Version: webpack 4.44.1
Time: 572ms
Built at: 2020-09-17 22:11:49
                                                          Asset      Size  Chunks                         Chunk Names
img/jpg/C/_Gavrilov1_Файл2_5d4c0fce280dd52efc4d312ce55a58bb.jpg  11.1 KiB          [emitted] [immutable]
      img/jpg/C/_antoshkin_628ab781e7dc9dd4bc29d22a5a1a9be7.jpg    33 KiB          [emitted] [immutable]
           img/jpg/C/_logo_a57dcb64883cf409aad4470ce0147eed.jpg  48.3 KiB          [emitted] [immutable]
    img/jpg/C/_sabashnikov_61466ff77dadd68764016edb83c7b420.jpg  53.4 KiB          [emitted] [immutable]
 img/jpg/C/_Гаврилов_Файл1_5d4c0fce280dd52efc4d312ce55a58bb.jpg  11.1 KiB          [emitted] [immutable]
         img/png/C/_6073_6_d4a27e4a8ca51bded14bb76c7fbf5128.png  20.5 KiB          [emitted] [immutable]
            img/png/C/_dlc_96c56a5d811404db03d3a53f73aeec96.png  30.3 KiB          [emitted] [immutable]
                                                        main.js  2.62 KiB       0  [emitted]              main
Entrypoint main = main.js
[0] ./src/index.js 441 bytes {0} [built]
[1] ./src/img sync ^\.\/.*$ 299 bytes {0} [built]
[2] ./src/img/6073_6.png 98 bytes {0} [optional] [built]
[3] ./src/img/Gavrilov1_Файл2.jpg 111 bytes {0} [optional] [built]
[4] ./src/img/antoshkin.jpg 101 bytes {0} [optional] [built]
[5] ./src/img/dlc.png 95 bytes {0} [optional] [built]
[6] ./src/img/logo.jpg 96 bytes {0} [optional] [built]
[7] ./src/img/sabashnikov.jpg 103 bytes {0} [optional] [built]
[8] ./src/img/Гаврилов_Файл1.jpg 118 bytes {0} [optional] [built]
[9] ./src/magazine.js + 1 modules 1.11 KiB {0} [built]
    | ./src/magazine.js 416 bytes [built]
    | ./src/distance.js 722 bytes [built]

WARNING in configuration
The 'mode' option has not been set, webpack will fallback to 'production' for this value. Set 'mode' option to 'development' or 'production' to enable defaults for each environment.
You can also set it to 'none' to disable any default behavior. Learn more: https://webpack.js.org/configuration/mode/

vanya@DESKTOP-NU5AQCK MINGW64 ~/Documents/work/test/webpack-html
$ npm run build

> webpack-html@1.0.0 build C:\Users\vanya\Documents\work\test\webpack-html
> webpack

Hash: cc5d53daf423398e4df7
Version: webpack 4.44.1
Time: 561ms
Built at: 2020-09-17 22:13:02
                         Asset      Size  Chunks             Chunk Names
img/C/jpg/_Gavrilov1_Файл2.jpg  11.1 KiB          [emitted]
      img/C/jpg/_antoshkin.jpg    33 KiB          [emitted]
           img/C/jpg/_logo.jpg  48.3 KiB          [emitted]
    img/C/jpg/_sabashnikov.jpg  53.4 KiB          [emitted]
 img/C/jpg/_Гаврилов_Файл1.jpg  11.1 KiB          [emitted]
         img/C/png/_6073_6.png  20.5 KiB          [emitted]
            img/C/png/_dlc.png  30.3 KiB          [emitted]
                       main.js   2.4 KiB       0  [emitted]  main
Entrypoint main = main.js
[0] ./src/index.js 441 bytes {0} [built]
[1] ./src/img sync ^\.\/.*$ 299 bytes {0} [built]
[2] ./src/img/6073_6.png 65 bytes {0} [optional] [built]
[3] ./src/img/Gavrilov1_Файл2.jpg 78 bytes {0} [optional] [built]
[4] ./src/img/antoshkin.jpg 68 bytes {0} [optional] [built]
[5] ./src/img/dlc.png 62 bytes {0} [optional] [built]
[6] ./src/img/logo.jpg 63 bytes {0} [optional] [built]
[7] ./src/img/sabashnikov.jpg 70 bytes {0} [optional] [built]
[8] ./src/img/Гаврилов_Файл1.jpg 85 bytes {0} [optional] [built]
[9] ./src/magazine.js + 1 modules 1.11 KiB {0} [built]
    | ./src/magazine.js 416 bytes [built]
    | ./src/distance.js 722 bytes [built]

WARNING in configuration
The 'mode' option has not been set, webpack will fallback to 'production' for this value. Set 'mode' option to 'development' or 'production' to enable defaults for each environment.
You can also set it to 'none' to disable any default behavior. Learn more: https://webpack.js.org/configuration/mode/

vanya@DESKTOP-NU5AQCK MINGW64 ~/Documents/work/test/webpack-html
$ npm run build

> webpack-html@1.0.0 build C:\Users\vanya\Documents\work\test\webpack-html
> webpack

Hash: bf8cf05d5f24f6acb069
Version: webpack 4.44.1
Time: 561ms
Built at: 2020-09-17 22:13:55
                             Asset      Size  Chunks             Chunk Names
img/Users/jpg/_Gavrilov1_Файл2.jpg  11.1 KiB          [emitted]
      img/Users/jpg/_antoshkin.jpg    33 KiB          [emitted]
           img/Users/jpg/_logo.jpg  48.3 KiB          [emitted]
    img/Users/jpg/_sabashnikov.jpg  53.4 KiB          [emitted]
 img/Users/jpg/_Гаврилов_Файл1.jpg  11.1 KiB          [emitted]
         img/Users/png/_6073_6.png  20.5 KiB          [emitted]
            img/Users/png/_dlc.png  30.3 KiB          [emitted]
                           main.js  2.42 KiB       0  [emitted]  main
Entrypoint main = main.js
[0] ./src/index.js 441 bytes {0} [built]
[1] ./src/img sync ^\.\/.*$ 299 bytes {0} [built]
[2] ./src/img/6073_6.png 69 bytes {0} [optional] [built]
[3] ./src/img/Gavrilov1_Файл2.jpg 82 bytes {0} [optional] [built]
[4] ./src/img/antoshkin.jpg 72 bytes {0} [optional] [built]
[5] ./src/img/dlc.png 66 bytes {0} [optional] [built]
[6] ./src/img/logo.jpg 67 bytes {0} [optional] [built]
[7] ./src/img/sabashnikov.jpg 74 bytes {0} [optional] [built]
[8] ./src/img/Гаврилов_Файл1.jpg 89 bytes {0} [optional] [built]
[9] ./src/magazine.js + 1 modules 1.11 KiB {0} [built]
    | ./src/magazine.js 416 bytes [built]
    | ./src/distance.js 722 bytes [built]

WARNING in configuration
The 'mode' option has not been set, webpack will fallback to 'production' for this value. Set 'mode' option to 'development' or 'production' to enable defaults for each environment.
You can also set it to 'none' to disable any default behavior. Learn more: https://webpack.js.org/configuration/mode/

vanya@DESKTOP-NU5AQCK MINGW64 ~/Documents/work/test/webpack-html
$ npm run build

> webpack-html@1.0.0 build C:\Users\vanya\Documents\work\test\webpack-html
> webpack

Hash: 93978607f4dd9ae069e3
Version: webpack 4.44.1
Time: 575ms
Built at: 2020-09-17 22:14:55
                                   Asset      Size  Chunks             Chunk Names
        img/[0]/jpg/_Gavrilov1_Файл2.jpg  11.1 KiB          [emitted]
         img/[0]/jpg/_Гаврилов_Файл1.jpg  11.1 KiB          [emitted]
                 img/[0]/png/_6073_6.png  20.5 KiB          [emitted]
    img/antoshkin.jpg/jpg/_antoshkin.jpg    33 KiB          [emitted]
                img/dlc.png/png/_dlc.png  30.3 KiB          [emitted]
              img/logo.jpg/jpg/_logo.jpg  48.3 KiB          [emitted]
img/sabashnikov.jpg/jpg/_sabashnikov.jpg  53.4 KiB          [emitted]
                                 main.js  2.44 KiB       0  [emitted]  main
Entrypoint main = main.js
[0] ./src/index.js 441 bytes {0} [built]
[1] ./src/img sync ^\.\/.*$ 299 bytes {0} [built]
[2] ./src/img/6073_6.png 67 bytes {0} [optional] [built]
[3] ./src/img/Gavrilov1_Файл2.jpg 80 bytes {0} [optional] [built]
[4] ./src/img/antoshkin.jpg 80 bytes {0} [optional] [built]
[5] ./src/img/dlc.png 68 bytes {0} [optional] [built]
[6] ./src/img/logo.jpg 70 bytes {0} [optional] [built]
[7] ./src/img/sabashnikov.jpg 84 bytes {0} [optional] [built]
[8] ./src/img/Гаврилов_Файл1.jpg 87 bytes {0} [optional] [built]
[9] ./src/magazine.js + 1 modules 1.11 KiB {0} [built]
    | ./src/magazine.js 416 bytes [built]
    | ./src/distance.js 722 bytes [built]

WARNING in configuration
The 'mode' option has not been set, webpack will fallback to 'production' for this value. Set 'mode' option to 'development' or 'production' to enable defaults for each environment.
You can also set it to 'none' to disable any default behavior. Learn more: https://webpack.js.org/configuration/mode/

vanya@DESKTOP-NU5AQCK MINGW64 ~/Documents/work/test/webpack-html
$ npm run build

> webpack-html@1.0.0 build C:\Users\vanya\Documents\work\test\webpack-html
> webpack

Hash: 583d4b7aabfb096e5303
Version: webpack 4.44.1
Time: 577ms
Built at: 2020-09-17 22:16:31
                               Asset      Size  Chunks             Chunk Names
    img/[0]/jpg/_Gavrilov1_Файл2.jpg  11.1 KiB          [emitted]
     img/[0]/jpg/_Гаврилов_Файл1.jpg  11.1 KiB          [emitted]
             img/[0]/png/_6073_6.png  20.5 KiB          [emitted]
    img/antoshkin/jpg/_antoshkin.jpg    33 KiB          [emitted]
                img/dlc/png/_dlc.png  30.3 KiB          [emitted]
              img/logo/jpg/_logo.jpg  48.3 KiB          [emitted]
img/sabashnikov/jpg/_sabashnikov.jpg  53.4 KiB          [emitted]
                             main.js  2.43 KiB       0  [emitted]  main
Entrypoint main = main.js
[0] ./src/index.js 441 bytes {0} [built]
[1] ./src/img sync ^\.\/.*$ 299 bytes {0} [built]
[2] ./src/img/6073_6.png 67 bytes {0} [optional] [built]
[3] ./src/img/Gavrilov1_Файл2.jpg 80 bytes {0} [optional] [built]
[4] ./src/img/antoshkin.jpg 76 bytes {0} [optional] [built]
[5] ./src/img/dlc.png 64 bytes {0} [optional] [built]
[6] ./src/img/logo.jpg 66 bytes {0} [optional] [built]
[7] ./src/img/sabashnikov.jpg 80 bytes {0} [optional] [built]
[8] ./src/img/Гаврилов_Файл1.jpg 87 bytes {0} [optional] [built]
[9] ./src/magazine.js + 1 modules 1.11 KiB {0} [built]
    | ./src/magazine.js 416 bytes [built]
    | ./src/distance.js 722 bytes [built]

WARNING in configuration
The 'mode' option has not been set, webpack will fallback to 'production' for this value. Set 'mode' option to 'development' or 'production' to enable defaults for each environment.
You can also set it to 'none' to disable any default behavior. Learn more: https://webpack.js.org/configuration/mode/

vanya@DESKTOP-NU5AQCK MINGW64 ~/Documents/work/test/webpack-html
$ npm -i

Usage: npm <command>

where <command> is one of:
    access, adduser, audit, bin, bugs, c, cache, ci, cit,
    clean-install, clean-install-test, completion, config,
    create, ddp, dedupe, deprecate, dist-tag, docs, doctor,
    edit, explore, fund, get, help, help-search, hook, i, init,
    install, install-ci-test, install-test, it, link, list, ln,
    login, logout, ls, org, outdated, owner, pack, ping, prefix,
    profile, prune, publish, rb, rebuild, repo, restart, root,
    run, run-script, s, se, search, set, shrinkwrap, star,
    stars, start, stop, t, team, test, token, tst, un,
    uninstall, unpublish, unstar, up, update, v, version, view,
    whoami

npm <command> -h  quick help on <command>
npm -l            display full usage info
npm help <term>   search for help on <term>
npm help npm      involved overview

Specify configs in the ini-formatted file:
    C:\Users\vanya\.npmrc
or on the command line via: npm <command> --key value
Config info can be viewed via: npm help config

npm@6.14.6 C:\Program Files (x86)\nodejs\node_modules\npm

vanya@DESKTOP-NU5AQCK MINGW64 ~/Documents/work/test/webpack-html
$ npm i
npm WARN webpack-html@1.0.0 No description
npm WARN webpack-html@1.0.0 No repository field.
npm WARN optional SKIPPING OPTIONAL DEPENDENCY: fsevents@1.2.13 (node_modules\watchpack-chokidar2\node_modules\fsevents):
npm WARN notsup SKIPPING OPTIONAL DEPENDENCY: Unsupported platform for fsevents@1.2.13: wanted {"os":"darwin","arch":"any"} (current: {"os":"win32","arch":"ia32"})
npm WARN optional SKIPPING OPTIONAL DEPENDENCY: fsevents@2.1.3 (node_modules\fsevents):
npm WARN notsup SKIPPING OPTIONAL DEPENDENCY: Unsupported platform for fsevents@2.1.3: wanted {"os":"darwin","arch":"any"} (current: {"os":"win32","arch":"ia32"})

added 398 packages from 224 contributors and audited 400 packages in 17.305s

8 packages are looking for funding
  run `npm fund` for details

found 0 vulnerabilities


vanya@DESKTOP-NU5AQCK MINGW64 ~/Documents/work/test/webpack-html
$
